Flow report for cpe271-final-project
Mon Dec 04 17:28:56 2023
Quartus Prime Version 19.1.0 Build 670 09/22/2019 SJ Lite Edition


---------------------
; Table of Contents ;
---------------------
  1. Legal Notice
  2. Flow Summary
  3. Flow Settings
  4. Flow Non-Default Global Settings
  5. Flow Elapsed Time
  6. Flow OS Summary
  7. Flow Log
  8. Flow Messages
  9. Flow Suppressed Messages



----------------
; Legal Notice ;
----------------
Copyright (C) 2019  Intel Corporation. All rights reserved.
Your use of Intel Corporation's design tools, logic functions 
and other software and tools, and any partner logic 
functions, and any output files from any of the foregoing 
(including device programming or simulation files), and any 
associated documentation or information are expressly subject 
to the terms and conditions of the Intel Program License 
Subscription Agreement, the Intel Quartus Prime License Agreement,
the Intel FPGA IP License Agreement, or other applicable license
agreement, including, without limitation, that your use is for
the sole purpose of programming logic devices manufactured by
Intel and sold by Intel or its authorized distributors.  Please
refer to the applicable agreement for further details, at
https://fpgasoftware.intel.com/eula.



+----------------------------------------------------------------------------------+
; Flow Summary                                                                     ;
+------------------------------------+---------------------------------------------+
; Flow Status                        ; Successful - Mon Dec 04 17:28:56 2023       ;
; Quartus Prime Version              ; 19.1.0 Build 670 09/22/2019 SJ Lite Edition ;
; Revision Name                      ; cpe271-final-project                        ;
; Top-level Entity Name              ; SimpleCPU_Template                          ;
; Family                             ; MAX 10                                      ;
; Device                             ; 10M50DAF484C7G                              ;
; Timing Models                      ; Final                                       ;
; Total logic elements               ; 1 / 49,760 ( < 1 % )                        ;
;     Total combinational functions  ; 1 / 49,760 ( < 1 % )                        ;
;     Dedicated logic registers      ; 0 / 49,760 ( 0 % )                          ;
; Total registers                    ; 0                                           ;
; Total pins                         ; 50 / 360 ( 14 % )                           ;
; Total virtual pins                 ; 0                                           ;
; Total memory bits                  ; 0 / 1,677,312 ( 0 % )                       ;
; Embedded Multiplier 9-bit elements ; 0 / 288 ( 0 % )                             ;
; Total PLLs                         ; 0 / 4 ( 0 % )                               ;
; UFM blocks                         ; 0 / 1 ( 0 % )                               ;
; ADC blocks                         ; 0 / 2 ( 0 % )                               ;
+------------------------------------+---------------------------------------------+


+------------------------------------------+
; Flow Settings                            ;
+-------------------+----------------------+
; Option            ; Setting              ;
+-------------------+----------------------+
; Start date & time ; 12/04/2023 16:00:33  ;
; Main task         ; Compilation          ;
; Revision Name     ; cpe271-final-project ;
+-------------------+----------------------+


+---------------------------------------------------------------------------------------------------------------------------------------+
; Flow Non-Default Global Settings                                                                                                      ;
+-------------------------------------+----------------------------------------+----------------------+--------------------+------------+
; Assignment Name                     ; Value                                  ; Default Value        ; Entity Name        ; Section Id ;
+-------------------------------------+----------------------------------------+----------------------+--------------------+------------+
; COMPILER_SIGNATURE_ID               ; 1098481446587.170172363332072          ; --                   ; --                 ; --         ;
; MAX_CORE_JUNCTION_TEMP              ; 85                                     ; --                   ; --                 ; --         ;
; MIN_CORE_JUNCTION_TEMP              ; 0                                      ; --                   ; --                 ; --         ;
; PARTITION_COLOR                     ; -- (Not supported for targeted family) ; --                   ; SimpleCPU_Template ; Top        ;
; PARTITION_FITTER_PRESERVATION_LEVEL ; -- (Not supported for targeted family) ; --                   ; SimpleCPU_Template ; Top        ;
; PARTITION_NETLIST_TYPE              ; -- (Not supported for targeted family) ; --                   ; SimpleCPU_Template ; Top        ;
; PROJECT_OUTPUT_DIRECTORY            ; output_files                           ; --                   ; --                 ; --         ;
; TOP_LEVEL_ENTITY                    ; SimpleCPU_Template                     ; cpe271-final-project ; --                 ; --         ;
+-------------------------------------+----------------------------------------+----------------------+--------------------+------------+


+--------------------------------------------------------------------------------------------------------------------------+
; Flow Elapsed Time                                                                                                        ;
+----------------------+--------------+-------------------------+---------------------+------------------------------------+
; Module Name          ; Elapsed Time ; Average Processors Used ; Peak Virtual Memory ; Total CPU Time (on all processors) ;
+----------------------+--------------+-------------------------+---------------------+------------------------------------+
; Analysis & Synthesis ; 00:00:12     ; 1.0                     ; 4789 MB             ; 00:00:08                           ;
; Fitter               ; 00:00:07     ; 1.0                     ; 5643 MB             ; 00:00:04                           ;
; Assembler            ; 00:00:03     ; 1.0                     ; 4690 MB             ; 00:00:02                           ;
; Timing Analyzer      ; 00:00:02     ; 1.0                     ; 4826 MB             ; 00:00:01                           ;
; EDA Netlist Writer   ; 00:00:00     ; 1.0                     ; 4638 MB             ; 00:00:00                           ;
; EDA Netlist Writer   ; 00:00:00     ; 1.0                     ; 4647 MB             ; 00:00:00                           ;
; EDA Netlist Writer   ; 00:00:02     ; 1.0                     ; 4638 MB             ; 00:00:00                           ;
; EDA Netlist Writer   ; 00:00:01     ; 1.0                     ; 4647 MB             ; 00:00:00                           ;
; Total                ; 00:00:27     ; --                      ; --                  ; 00:00:15                           ;
+----------------------+--------------+-------------------------+---------------------+------------------------------------+


+--------------------------------------------------------------------------------------+
; Flow OS Summary                                                                      ;
+----------------------+--------------------+------------+------------+----------------+
; Module Name          ; Machine Hostname   ; OS Name    ; OS Version ; Processor type ;
+----------------------+--------------------+------------+------------+----------------+
; Analysis & Synthesis ; DRIGGS-HP-PAV-X360 ; Windows 10 ; 10.0       ; x86_64         ;
; Fitter               ; DRIGGS-HP-PAV-X360 ; Windows 10 ; 10.0       ; x86_64         ;
; Assembler            ; DRIGGS-HP-PAV-X360 ; Windows 10 ; 10.0       ; x86_64         ;
; Timing Analyzer      ; DRIGGS-HP-PAV-X360 ; Windows 10 ; 10.0       ; x86_64         ;
; EDA Netlist Writer   ; DRIGGS-HP-PAV-X360 ; Windows 10 ; 10.0       ; x86_64         ;
; EDA Netlist Writer   ; DRIGGS-HP-PAV-X360 ; Windows 10 ; 10.0       ; x86_64         ;
; EDA Netlist Writer   ; DRIGGS-HP-PAV-X360 ; Windows 10 ; 10.0       ; x86_64         ;
; EDA Netlist Writer   ; DRIGGS-HP-PAV-X360 ; Windows 10 ; 10.0       ; x86_64         ;
+----------------------+--------------------+------------+------------+----------------+


------------
; Flow Log ;
------------
quartus_map --read_settings_files=on --write_settings_files=off cpe271-final-project -c cpe271-final-project
quartus_fit --read_settings_files=off --write_settings_files=off cpe271-final-project -c cpe271-final-project
quartus_asm --read_settings_files=off --write_settings_files=off cpe271-final-project -c cpe271-final-project
quartus_sta cpe271-final-project -c cpe271-final-project
quartus_eda --gen_testbench --tool=modelsim_oem --format=vhdl --write_settings_files=off cpe271-final-project -c cpe271-final-project --vector_source=C:/Temp/cpe271-final-project/Waveform.vwf --testbench_file=C:/Temp/cpe271-final-project/simulation/qsim/Waveform.vwf.vht
quartus_eda --write_settings_files=off --simulation=on --functional=on --flatten_buses=off --tool=modelsim_oem --format=vhdl --output_directory=C:/Temp/cpe271-final-project/simulation/qsim/ cpe271-final-project -c cpe271-final-project
quartus_eda --gen_testbench --tool=modelsim_oem --format=vhdl --write_settings_files=off cpe271-final-project -c cpe271-final-project --vector_source=C:/Temp/cpe271-final-project/Waveform.vwf --testbench_file=C:/Temp/cpe271-final-project/simulation/qsim/Waveform.vwf.vht
quartus_eda --write_settings_files=off --simulation=on --functional=on --flatten_buses=off --tool=modelsim_oem --format=vhdl --output_directory=C:/Temp/cpe271-final-project/simulation/qsim/ cpe271-final-project -c cpe271-final-project



